// Jest Snapshot v1, https://goo.gl/fbAQLP

exports[`ForecastDetails renders the correct date, temperature, wind and humidity props 1`] = `
<DocumentFragment>
  <div
    class="forecast-details"
  >
    <div
      class="forecast-details_date"
      data-testid="forecast-date"
    >
      Thu 1st Jan
    </div>
    <div
      class="forecast-details_max-temperature"
      data-testid="forecast-temp-max"
    >
      Max: 22 °C
    </div>
    <div
      class="forecast-details_min-temperature"
      data-testid="forecast-temp-min"
    >
      Min: 12 °C
    </div>
    <div
      class="forecast-details_wind"
      data-testid="forecast-wind"
    >
      Wind: 12mph n
    </div>
    <div
      class="forecast-details_humidity"
      data-testid="forecast-humidity"
    >
      Humidity: 20%
    </div>
  </div>
</DocumentFragment>
`;
